// Jest Snapshot v1, https://goo.gl/fbAQLP

exports[`should render ExpensesSummary correctly with 1 expense 1`] = `
<div>
  <h1>
     Viewing 
    2
     
    expenses
     totaling 
    $235.12
  </h1>
</div>
`;

exports[`should render ExpensesSummary correctly with multiple expenses 1`] = `
<div>
  <h1>
     Viewing 
    42
     
    expenses
     totaling 
    $235.12
  </h1>
</div>
`;
